// Jest Snapshot v1, https://goo.gl/fbAQLP

exports[`HomeComponent Should match snapshot 1`] = `
Array [
  <div
    className="css-5zsq25"
    data-attr="test"
  >
    Flerp
  </div>,
  <label>
    Update Title
    <input
      name="title"
      onChange={[Function]}
      type="text"
      value="Flerp"
    />
  </label>,
  <button
    onClick={[Function]}
  >
    Update
  </button>,
]
`;
